// Vitest Snapshot v1, https://vitest.dev/guide/snapshot.html

exports[`compress / decompress text > should compress and decompress 1`] = `"eJwrSa0oMTQyNjE1AwATMwL7"`;
